{"logTime": "0929/125407", "correlationVector":"O6Elzhg0mg44JKHXXZzfEW.1","action":"SyncServerConnectionManagerRequest", "result":"SYNC_SERVER_OK", "context":{"environment":"Prod_southeastasia_prod-s01-064-apac-southeastasia", "migrationStage":"NotStarted", "server":"akswtt00300003r"}}
{"logTime": "0929/125407", "correlationVector":"O6Elzhg0mg44JKHXXZzfEW.2","action":"ProcessGetUpdates", "result":"Done", "context":{"dataType":"Encryption Keys", "deleted":"0", "process_failed_to_decrypt":"0", "process_pending_decryption":"0", "process_success":"1", "total":"1"}}
{"logTime": "0929/125408", "correlationVector":"o6SUMHWRvE/1mg/SJ4uCtG","action":"SyncServerConnectionManagerRequest", "result":"SYNC_SERVER_ERROR", "context":{"environment":"", "error_type":"http_status_code", "error_value":"400", "migrationStage":"", "server":""}}
{"logTime": "0929/125408", "correlationVector":"O6Elzhg0mg44JKHXXZzfEW","action":"Initial GetUpdates", "result":"", "context":Reason: NEW_CLIENT. cV=O6Elzhg0mg44JKHXXZzfEW}
{"logTime": "0929/125408", "correlationVector":"O6Elzhg0mg44JKHXXZzfEW.3","action":"GetUpdates Response", "result":"Success", "context":Received 1 update(s). cV=O6Elzhg0mg44JKHXXZzfEW.0;server=akswtt00300003r;cloudType=Consumer;environment=Prod_southeastasia_prod-s01-064-apac-southeastasia;migrationStage=NotStarted}
{"logTime": "0929/125408", "correlationVector":"VwQS7EAbCmhQRNg+q6gkfx","action":"Initial GetUpdates", "result":"", "context":Reason: NEW_CLIENT. cV=VwQS7EAbCmhQRNg+q6gkfx}
{"logTime": "0929/125409", "correlationVector":"VwQS7EAbCmhQRNg+q6gkfx.1","action":"SyncServerConnectionManagerRequest", "result":"SYNC_SERVER_OK", "context":{"environment":"Prod_southeastasia_prod-s01-064-apac-southeastasia", "migrationStage":"NotStarted", "server":"akswtt003000009"}}
{"logTime": "0929/125409", "correlationVector":"VwQS7EAbCmhQRNg+q6gkfx.2","action":"ProcessGetUpdates", "result":"Done", "context":{"dataType":"Device Info", "deleted":"0", "process_failed_to_decrypt":"0", "process_pending_decryption":"0", "process_success":"4", "total":"4"}}
{"logTime": "0929/125409", "correlationVector":"VwQS7EAbCmhQRNg+q6gkfx.3","action":"GetUpdates Response", "result":"Success", "context":Received 4 update(s). cV=VwQS7EAbCmhQRNg+q6gkfx.0;server=akswtt003000009;cloudType=Consumer;environment=Prod_southeastasia_prod-s01-064-apac-southeastasia;migrationStage=NotStarted}
{"logTime": "0929/125410", "correlationVector":"iN7ce7o3X+s1F3oid27QbB","action":"SyncServerConnectionManagerRequest", "result":"SYNC_SERVER_ERROR", "context":{"environment":"", "error_type":"http_status_code", "error_value":"400", "migrationStage":"", "server":""}}
{"logTime": "0929/125410", "correlationVector":"/k/qPWHuviuCFt0sdOg8yo","action":"Initial GetUpdates", "result":"", "context":Reason: NEW_CLIENT. cV=/k/qPWHuviuCFt0sdOg8yo}
{"logTime": "0929/125411", "correlationVector":"/k/qPWHuviuCFt0sdOg8yo.1","action":"SyncServerConnectionManagerRequest", "result":"SYNC_SERVER_OK", "context":{"environment":"Prod_southeastasia_prod-s01-064-apac-southeastasia", "migrationStage":"NotStarted", "server":"akswtt003000059"}}
{"logTime": "0929/125411", "correlationVector":"/k/qPWHuviuCFt0sdOg8yo.2","action":"ProcessGetUpdates", "result":"Done", "context":{"dataType":"Bookmarks", "deleted":"0", "process_failed_to_decrypt":"0", "process_pending_decryption":"0", "process_success":"113", "total":"113"}}
{"logTime": "0929/125411", "correlationVector":"/k/qPWHuviuCFt0sdOg8yo.3","action":"ProcessGetUpdates", "result":"Done", "context":{"dataType":"Preferences", "deleted":"0", "process_failed_to_decrypt":"0", "process_pending_decryption":"0", "process_success":"55", "total":"55"}}
{"logTime": "0929/125411", "correlationVector":"/k/qPWHuviuCFt0sdOg8yo.4","action":"ProcessGetUpdates", "result":"Done", "context":{"dataType":"Extensions", "deleted":"0", "process_failed_to_decrypt":"0", "process_pending_decryption":"0", "process_success":"1", "total":"1"}}
{"logTime": "0929/125411", "correlationVector":"/k/qPWHuviuCFt0sdOg8yo.5","action":"ProcessGetUpdates", "result":"Done", "context":{"dataType":"Sessions", "deleted":"0", "process_failed_to_decrypt":"0", "process_pending_decryption":"0", "process_success":"1", "total":"1"}}
{"logTime": "0929/125411", "correlationVector":"/k/qPWHuviuCFt0sdOg8yo.6","action":"ProcessGetUpdates", "result":"Done", "context":{"dataType":"Edge Hub App Usage", "deleted":"0", "process_failed_to_decrypt":"0", "process_pending_decryption":"0", "process_success":"2", "total":"2"}}
{"logTime": "0929/125411", "correlationVector":"/k/qPWHuviuCFt0sdOg8yo.7","action":"GetUpdates Response", "result":"Success", "context":Received 172 update(s). cV=/k/qPWHuviuCFt0sdOg8yo.0;server=akswtt003000059;cloudType=Consumer;environment=Prod_southeastasia_prod-s01-064-apac-southeastasia;migrationStage=NotStarted Some updates remain.}
{"logTime": "0929/125411", "correlationVector":"HIAWiWTuJFGflhMv08wM5G","action":"Initial GetUpdates", "result":"", "context":Reason: NEW_CLIENT. cV=HIAWiWTuJFGflhMv08wM5G}
{"logTime": "0929/125412", "correlationVector":"HIAWiWTuJFGflhMv08wM5G.1","action":"SyncServerConnectionManagerRequest", "result":"SYNC_SERVER_OK", "context":{"environment":"Prod_southeastasia_prod-s01-064-apac-southeastasia", "migrationStage":"NotStarted", "server":"akswtt00300002g"}}
{"logTime": "0929/125412", "correlationVector":"HIAWiWTuJFGflhMv08wM5G.2","action":"ProcessGetUpdates", "result":"Done", "context":{"dataType":"Preferences", "deleted":"0", "process_failed_to_decrypt":"0", "process_pending_decryption":"0", "process_success":"1", "total":"1"}}
{"logTime": "0929/125412", "correlationVector":"HIAWiWTuJFGflhMv08wM5G.3","action":"ProcessGetUpdates", "result":"Done", "context":{"dataType":"Sessions", "deleted":"0", "process_failed_to_decrypt":"0", "process_pending_decryption":"0", "process_success":"6", "total":"6"}}
{"logTime": "0929/125412", "correlationVector":"HIAWiWTuJFGflhMv08wM5G.4","action":"GetUpdates Response", "result":"Success", "context":Received 7 update(s). cV=HIAWiWTuJFGflhMv08wM5G.0;server=akswtt00300002g;cloudType=Consumer;environment=Prod_southeastasia_prod-s01-064-apac-southeastasia;migrationStage=NotStarted}
{"logTime": "0929/125412", "correlationVector":"gADaMKvzmitIyphmp4Dobp","action":"SyncServerConnectionManagerRequest", "result":"SYNC_SERVER_ERROR", "context":{"environment":"", "error_type":"http_status_code", "error_value":"400", "migrationStage":"", "server":""}}
{"logTime": "0929/125412", "correlationVector":"esV/m3qLmhO227FPOGoXCd","action":"Initial GetUpdates", "result":"", "context":Reason: NEW_CLIENT. cV=esV/m3qLmhO227FPOGoXCd}
{"logTime": "0929/125413", "correlationVector":"esV/m3qLmhO227FPOGoXCd.1","action":"SyncServerConnectionManagerRequest", "result":"SYNC_SERVER_OK", "context":{"environment":"Prod_southeastasia_prod-s01-064-apac-southeastasia", "migrationStage":"NotStarted", "server":"akswtt003000051"}}
{"logTime": "0929/125413", "correlationVector":"esV/m3qLmhO227FPOGoXCd.2","action":"ProcessGetUpdates", "result":"Done", "context":{"dataType":"History", "deleted":"0", "process_failed_to_decrypt":"0", "process_pending_decryption":"0", "process_success":"250", "total":"250"}}
{"logTime": "0929/125413", "correlationVector":"esV/m3qLmhO227FPOGoXCd.3","action":"GetUpdates Response", "result":"Success", "context":Received 250 update(s). cV=esV/m3qLmhO227FPOGoXCd.0;server=akswtt003000051;cloudType=Consumer;environment=Prod_southeastasia_prod-s01-064-apac-southeastasia;migrationStage=NotStarted Some updates remain.}
{"logTime": "0929/125413", "correlationVector":"ad55FC+frdGhPZm13t5Xsl","action":"Initial GetUpdates", "result":"", "context":Reason: NEW_CLIENT. cV=ad55FC+frdGhPZm13t5Xsl}
{"logTime": "0929/125414", "correlationVector":"ad55FC+frdGhPZm13t5Xsl.1","action":"SyncServerConnectionManagerRequest", "result":"SYNC_SERVER_OK", "context":{"environment":"Prod_southeastasia_prod-s01-064-apac-southeastasia", "migrationStage":"NotStarted", "server":"akswtt003000001"}}
{"logTime": "0929/125414", "correlationVector":"ad55FC+frdGhPZm13t5Xsl.2","action":"ProcessGetUpdates", "result":"Done", "context":{"dataType":"History", "deleted":"0", "process_failed_to_decrypt":"0", "process_pending_decryption":"0", "process_success":"26", "total":"26"}}
{"logTime": "0929/125414", "correlationVector":"ad55FC+frdGhPZm13t5Xsl.3","action":"GetUpdates Response", "result":"Success", "context":Received 26 update(s). cV=ad55FC+frdGhPZm13t5Xsl.0;server=akswtt003000001;cloudType=Consumer;environment=Prod_southeastasia_prod-s01-064-apac-southeastasia;migrationStage=NotStarted}
{"logTime": "0929/125415", "correlationVector":"svHCOvBiDkF59ktoU3zfir","action":"SyncServerConnectionManagerRequest", "result":"SYNC_SERVER_ERROR", "context":{"environment":"", "error_type":"http_status_code", "error_value":"400", "migrationStage":"", "server":""}}
{"logTime": "0929/125415", "correlationVector":"5N5NhY7z5w2gz++vjw9w56","action":"Normal GetUpdate request", "result":"", "context":cV=5N5NhY7z5w2gz++vjw9w56
Nudged types: Sessions, Device Info, User Consents, History
Refresh requested types: Bookmarks, Preferences, Extensions, Sessions, Extension settings, History Delete Directives, Device Info, User Consents, Send Tab To Self, Web Apps, History, Saved Tab Group, WebAuthn Credentials, Edge Hub App Usage, Edge Workspace, Encryption Keys}
{"logTime": "0929/125415", "correlationVector":"5N5NhY7z5w2gz++vjw9w56.1","action":"SyncServerConnectionManagerRequest", "result":"SYNC_SERVER_OK", "context":{"environment":"Prod_southeastasia_prod-s01-064-apac-southeastasia", "migrationStage":"NotStarted", "server":"akswtt00300000v"}}
{"logTime": "0929/125415", "correlationVector":"5N5NhY7z5w2gz++vjw9w56.2","action":"ProcessGetUpdates", "result":"Done", "context":{"dataType":"Sessions", "deleted":"1", "process_failed_to_decrypt":"0", "process_pending_decryption":"0", "process_success":"1", "total":"1"}}
{"logTime": "0929/125415", "correlationVector":"5N5NhY7z5w2gz++vjw9w56.3","action":"GetUpdates Response", "result":"Success", "context":Received 1 update(s). cV=5N5NhY7z5w2gz++vjw9w56.0;server=akswtt00300000v;cloudType=Consumer;environment=Prod_southeastasia_prod-s01-064-apac-southeastasia;migrationStage=NotStarted}
{"logTime": "0929/125415", "correlationVector":"vdiUI+St6AisE5Nm1e/lVC","action":"Commit Request", "result":"", "context":Item count: 7
Contributing types: Sessions, Device Info, User Consents, History}
{"logTime": "0929/125418", "correlationVector":"vdiUI+St6AisE5Nm1e/lVC.1","action":"SyncServerConnectionManagerRequest", "result":"SYNC_SERVER_OK", "context":{"environment":"Prod_southeastasia_prod-s01-064-apac-southeastasia", "migrationStage":"NotStarted", "server":"akswtt003000059"}}
{"logTime": "0929/125418", "correlationVector":"vdiUI+St6AisE5Nm1e/lVC.2","action":"Commit Response", "result":"Success", "context":Result: Success. cV=vdiUI+St6AisE5Nm1e/lVC.0;server=akswtt003000059;cloudType=Consumer;environment=Prod_southeastasia_prod-s01-064-apac-southeastasia;migrationStage=NotStarted}
{"logTime": "0929/125419", "correlationVector":"MPPNArAcKBruJZxXp82O/Y","action":"SyncServerConnectionManagerRequest", "result":"SYNC_SERVER_ERROR", "context":{"environment":"", "error_type":"http_status_code", "error_value":"400", "migrationStage":"", "server":""}}
{"logTime": "0929/125419", "correlationVector":"Z+IYTJedKimpMHlB3pQ/R4","action":"Commit Request", "result":"", "context":Item count: 1
Contributing types: Sessions}
{"logTime": "0929/125419", "correlationVector":"Z+IYTJedKimpMHlB3pQ/R4.1","action":"SyncServerConnectionManagerRequest", "result":"SYNC_SERVER_OK", "context":{"environment":"Prod_southeastasia_prod-s01-064-apac-southeastasia", "migrationStage":"NotStarted", "server":"akswtt003000051"}}
{"logTime": "0929/125419", "correlationVector":"Z+IYTJedKimpMHlB3pQ/R4.2","action":"Commit Response", "result":"Success", "context":Result: Success. cV=Z+IYTJedKimpMHlB3pQ/R4.0;server=akswtt003000051;cloudType=Consumer;environment=Prod_southeastasia_prod-s01-064-apac-southeastasia;migrationStage=NotStarted}
