{"logTime": "0929/125630", "correlationVector":"As/US8D13Fysv2haVALhNk.1","action":"SyncServerConnectionManagerRequest", "result":"SYNC_SERVER_OK", "context":{"environment":"Prod_southeastasia_prod-s01-065-apac-southeastasia", "migrationStage":"NotStarted", "server":"akswtt00300005w"}}
{"logTime": "0929/125630", "correlationVector":"As/US8D13Fysv2haVALhNk.2","action":"ProcessGetUpdates", "result":"Done", "context":{"dataType":"Encryption Keys", "deleted":"0", "process_failed_to_decrypt":"0", "process_pending_decryption":"0", "process_success":"1", "total":"1"}}
{"logTime": "0929/125631", "correlationVector":"lsMJpmQqDlWhkrhjce6hCP","action":"SyncServerConnectionManagerRequest", "result":"SYNC_SERVER_OK", "context":{"environment":"", "migrationStage":"", "server":""}}
{"logTime": "0929/125631", "correlationVector":"lsMJpmQqDlWhkrhjce6hCP.0","action":"EncryptionKeysFetcher.DownloadKeys:", "result":"Success", "context":Key count: 2, Last key timestamp: 2026-09-15T11:41:31Z}
{"logTime": "0929/125631", "correlationVector":"lsMJpmQqDlWhkrhjce6hCP.1","action":"EncryptionKeysManager::SetEncryptionKeys:", "result":"Success", "context":Key names[2]:[oitkEk193affWBcrTRmV6+Y740Uy7y95oSlYURKrpD8Z1vbLLeqlo/TKNopYEC+QUhrJ77uQ3iukpi4hlvzt6Q==][A2Gg1uU7LznzKZJkpw6/ezkMxBCIUoSBPZwGlWGxa2NpcvvjGeoo9djavBA/wEVwG7CqXyAiJLuSkSOB5hwlEw==]}
{"logTime": "0929/125631", "correlationVector":"lsMJpmQqDlWhkrhjce6hCP.2","action":"EncryptionKeysManager::SetEncryptionKeysWithTimestamps:", "result":"Success", "context":Key timestamps[2]:[2026-03-18T03:40:42Z][2026-09-15T11:41:31Z]}
{"logTime": "0929/125631", "correlationVector":"As/US8D13Fysv2haVALhNk","action":"Initial GetUpdates", "result":"", "context":Reason: NEW_CLIENT. cV=As/US8D13Fysv2haVALhNk}
{"logTime": "0929/125631", "correlationVector":"As/US8D13Fysv2haVALhNk.3","action":"GetUpdates Response", "result":"Success", "context":Received 1 update(s). cV=As/US8D13Fysv2haVALhNk.0;server=akswtt00300005w;cloudType=Consumer;environment=Prod_southeastasia_prod-s01-065-apac-southeastasia;migrationStage=NotStarted}
{"logTime": "0929/125631", "correlationVector":"gFSCZYDc+eP+tbvklKrUf+","action":"Initial GetUpdates", "result":"", "context":Reason: NEWLY_SUPPORTED_DATATYPE. cV=gFSCZYDc+eP+tbvklKrUf+}
{"logTime": "0929/125632", "correlationVector":"gFSCZYDc+eP+tbvklKrUf+.1","action":"SyncServerConnectionManagerRequest", "result":"SYNC_SERVER_OK", "context":{"environment":"Prod_southeastasia_prod-s01-064-apac-southeastasia", "migrationStage":"NotStarted", "server":"akswtt00300005c"}}
{"logTime": "0929/125632", "correlationVector":"gFSCZYDc+eP+tbvklKrUf+.2","action":"ProcessGetUpdates", "result":"Done", "context":{"dataType":"Passwords", "deleted":"0", "process_failed_to_decrypt":"0", "process_pending_decryption":"0", "process_success":"98", "total":"98"}}
{"logTime": "0929/125632", "correlationVector":"gFSCZYDc+eP+tbvklKrUf+.3","action":"ProcessGetUpdates", "result":"Done", "context":{"dataType":"Device Info", "deleted":"0", "process_failed_to_decrypt":"0", "process_pending_decryption":"0", "process_success":"6", "total":"6"}}
{"logTime": "0929/125632", "correlationVector":"gFSCZYDc+eP+tbvklKrUf+.4","action":"GetUpdates Response", "result":"Success", "context":Received 104 update(s). cV=gFSCZYDc+eP+tbvklKrUf+.0;server=akswtt00300005c;cloudType=Consumer;environment=Prod_southeastasia_prod-s01-064-apac-southeastasia;migrationStage=NotStarted}
{"logTime": "0929/125632", "correlationVector":"GRgTpzkbmdxmKigTdvcFju","action":"Initial GetUpdates", "result":"", "context":Reason: NEWLY_SUPPORTED_DATATYPE. cV=GRgTpzkbmdxmKigTdvcFju}
{"logTime": "0929/125634", "correlationVector":"GRgTpzkbmdxmKigTdvcFju.1","action":"SyncServerConnectionManagerRequest", "result":"SYNC_SERVER_OK", "context":{"environment":"Prod_southeastasia_prod-s01-065-apac-southeastasia", "migrationStage":"NotStarted", "server":"akswtt00300002y"}}
{"logTime": "0929/125634", "correlationVector":"GRgTpzkbmdxmKigTdvcFju.2","action":"ProcessGetUpdates", "result":"Done", "context":{"dataType":"Bookmarks", "deleted":"0", "process_failed_to_decrypt":"0", "process_pending_decryption":"0", "process_success":"113", "total":"113"}}
{"logTime": "0929/125634", "correlationVector":"GRgTpzkbmdxmKigTdvcFju.3","action":"ProcessGetUpdates", "result":"Done", "context":{"dataType":"Preferences", "deleted":"0", "process_failed_to_decrypt":"0", "process_pending_decryption":"0", "process_success":"54", "total":"54"}}
{"logTime": "0929/125634", "correlationVector":"GRgTpzkbmdxmKigTdvcFju.4","action":"ProcessGetUpdates", "result":"Done", "context":{"dataType":"Autofill", "deleted":"0", "process_failed_to_decrypt":"0", "process_pending_decryption":"0", "process_success":"25", "total":"25"}}
{"logTime": "0929/125634", "correlationVector":"GRgTpzkbmdxmKigTdvcFju.5","action":"ProcessGetUpdates", "result":"Done", "context":{"dataType":"Extensions", "deleted":"0", "process_failed_to_decrypt":"0", "process_pending_decryption":"0", "process_success":"1", "total":"1"}}
{"logTime": "0929/125634", "correlationVector":"GRgTpzkbmdxmKigTdvcFju.6","action":"ProcessGetUpdates", "result":"Done", "context":{"dataType":"Sessions", "deleted":"53", "process_failed_to_decrypt":"0", "process_pending_decryption":"0", "process_success":"53", "total":"53"}}
{"logTime": "0929/125634", "correlationVector":"GRgTpzkbmdxmKigTdvcFju.7","action":"ProcessGetUpdates", "result":"Done", "context":{"dataType":"Edge Hub App Usage", "deleted":"2", "process_failed_to_decrypt":"0", "process_pending_decryption":"0", "process_success":"4", "total":"4"}}
{"logTime": "0929/125634", "correlationVector":"GRgTpzkbmdxmKigTdvcFju.8","action":"GetUpdates Response", "result":"Success", "context":Received 250 update(s). cV=GRgTpzkbmdxmKigTdvcFju.0;server=akswtt00300002y;cloudType=Consumer;environment=Prod_southeastasia_prod-s01-065-apac-southeastasia;migrationStage=NotStarted Some updates remain.}
{"logTime": "0929/125634", "correlationVector":"KY4RTQesCdXoSVt37LBa9D","action":"Initial GetUpdates", "result":"", "context":Reason: NEWLY_SUPPORTED_DATATYPE. cV=KY4RTQesCdXoSVt37LBa9D}
{"logTime": "0929/125634", "correlationVector":"KY4RTQesCdXoSVt37LBa9D.1","action":"SyncServerConnectionManagerRequest", "result":"SYNC_SERVER_OK", "context":{"environment":"Prod_southeastasia_prod-s01-065-apac-southeastasia", "migrationStage":"NotStarted", "server":"akswtt00300000i"}}
{"logTime": "0929/125634", "correlationVector":"KY4RTQesCdXoSVt37LBa9D.2","action":"ProcessGetUpdates", "result":"Done", "context":{"dataType":"Preferences", "deleted":"0", "process_failed_to_decrypt":"0", "process_pending_decryption":"0", "process_success":"2", "total":"2"}}
{"logTime": "0929/125634", "correlationVector":"KY4RTQesCdXoSVt37LBa9D.3","action":"ProcessGetUpdates", "result":"Done", "context":{"dataType":"Sessions", "deleted":"27", "process_failed_to_decrypt":"0", "process_pending_decryption":"0", "process_success":"41", "total":"41"}}
{"logTime": "0929/125634", "correlationVector":"KY4RTQesCdXoSVt37LBa9D.4","action":"ProcessGetUpdates", "result":"Done", "context":{"dataType":"Edge Hub App Usage", "deleted":"1", "process_failed_to_decrypt":"0", "process_pending_decryption":"0", "process_success":"1", "total":"1"}}
{"logTime": "0929/125634", "correlationVector":"KY4RTQesCdXoSVt37LBa9D.5","action":"GetUpdates Response", "result":"Success", "context":Received 44 update(s). cV=KY4RTQesCdXoSVt37LBa9D.0;server=akswtt00300000i;cloudType=Consumer;environment=Prod_southeastasia_prod-s01-065-apac-southeastasia;migrationStage=NotStarted}
{"logTime": "0929/125634", "correlationVector":"3IklxgyOhvY4B8wRCMaqCL","action":"Initial GetUpdates", "result":"", "context":Reason: NEWLY_SUPPORTED_DATATYPE. cV=3IklxgyOhvY4B8wRCMaqCL}
