{"logTime": "0929/124939", "correlationVector":"W3IssHhiKmxyzM6ZFKZV36.1","action":"SyncServerConnectionManagerRequest", "result":"SYNC_SERVER_OK", "context":{"environment":"Prod_southeastasia_prod-s01-064-apac-southeastasia", "migrationStage":"NotStarted", "server":"akswtt00300003r"}}
{"logTime": "0929/124939", "correlationVector":"W3IssHhiKmxyzM6ZFKZV36.2","action":"ProcessGetUpdates", "result":"Done", "context":{"dataType":"Encryption Keys", "deleted":"0", "process_failed_to_decrypt":"0", "process_pending_decryption":"0", "process_success":"1", "total":"1"}}
{"logTime": "0929/124940", "correlationVector":"Vzan0no54Fj7ylmWMnaiAZ","action":"SyncServerConnectionManagerRequest", "result":"SYNC_SERVER_OK", "context":{"environment":"", "migrationStage":"", "server":""}}
{"logTime": "0929/124940", "correlationVector":"Vzan0no54Fj7ylmWMnaiAZ.0","action":"EncryptionKeysFetcher.DownloadKeys:", "result":"Success", "context":Key count: 2, Last key timestamp: 2026-09-15T11:41:31Z}
{"logTime": "0929/124940", "correlationVector":"Vzan0no54Fj7ylmWMnaiAZ.1","action":"EncryptionKeysManager::SetEncryptionKeys:", "result":"Success", "context":Key names[2]:[oitkEk193affWBcrTRmV6+Y740Uy7y95oSlYURKrpD8Z1vbLLeqlo/TKNopYEC+QUhrJ77uQ3iukpi4hlvzt6Q==][A2Gg1uU7LznzKZJkpw6/ezkMxBCIUoSBPZwGlWGxa2NpcvvjGeoo9djavBA/wEVwG7CqXyAiJLuSkSOB5hwlEw==]}
{"logTime": "0929/124940", "correlationVector":"Vzan0no54Fj7ylmWMnaiAZ.2","action":"EncryptionKeysManager::SetEncryptionKeysWithTimestamps:", "result":"Success", "context":Key timestamps[2]:[2026-03-18T03:40:42Z][2026-09-15T11:41:31Z]}
{"logTime": "0929/124940", "correlationVector":"W3IssHhiKmxyzM6ZFKZV36","action":"Initial GetUpdates", "result":"", "context":Reason: NEW_CLIENT. cV=W3IssHhiKmxyzM6ZFKZV36}
{"logTime": "0929/124940", "correlationVector":"W3IssHhiKmxyzM6ZFKZV36.3","action":"GetUpdates Response", "result":"Success", "context":Received 1 update(s). cV=W3IssHhiKmxyzM6ZFKZV36.0;server=akswtt00300003r;cloudType=Consumer;environment=Prod_southeastasia_prod-s01-064-apac-southeastasia;migrationStage=NotStarted}
{"logTime": "0929/124940", "correlationVector":"/ow1+Yb5znOqFS62bxZYWL","action":"Initial GetUpdates", "result":"", "context":Reason: NEWLY_SUPPORTED_DATATYPE. cV=/ow1+Yb5znOqFS62bxZYWL}
{"logTime": "0929/124940", "correlationVector":"/ow1+Yb5znOqFS62bxZYWL.1","action":"SyncServerConnectionManagerRequest", "result":"SYNC_SERVER_OK", "context":{"environment":"Prod_southeastasia_prod-s01-064-apac-southeastasia", "migrationStage":"NotStarted", "server":"akswtt00300002k"}}
{"logTime": "0929/124940", "correlationVector":"/ow1+Yb5znOqFS62bxZYWL.2","action":"ProcessGetUpdates", "result":"Done", "context":{"dataType":"Passwords", "deleted":"0", "process_failed_to_decrypt":"0", "process_pending_decryption":"0", "process_success":"98", "total":"98"}}
{"logTime": "0929/124940", "correlationVector":"/ow1+Yb5znOqFS62bxZYWL.3","action":"ProcessGetUpdates", "result":"Done", "context":{"dataType":"Device Info", "deleted":"0", "process_failed_to_decrypt":"0", "process_pending_decryption":"0", "process_success":"2", "total":"2"}}
{"logTime": "0929/124940", "correlationVector":"/ow1+Yb5znOqFS62bxZYWL.4","action":"GetUpdates Response", "result":"Success", "context":Received 100 update(s). cV=/ow1+Yb5znOqFS62bxZYWL.0;server=akswtt00300002k;cloudType=Consumer;environment=Prod_southeastasia_prod-s01-064-apac-southeastasia;migrationStage=NotStarted}
{"logTime": "0929/124940", "correlationVector":"ot5rjiH15Tcsi9Vb6KyziP","action":"Initial GetUpdates", "result":"", "context":Reason: NEWLY_SUPPORTED_DATATYPE. cV=ot5rjiH15Tcsi9Vb6KyziP}
{"logTime": "0929/124941", "correlationVector":"ot5rjiH15Tcsi9Vb6KyziP.1","action":"SyncServerConnectionManagerRequest", "result":"SYNC_SERVER_OK", "context":{"environment":"Prod_southeastasia_prod-s01-064-apac-southeastasia", "migrationStage":"NotStarted", "server":"akswtt003000005"}}
{"logTime": "0929/124941", "correlationVector":"ot5rjiH15Tcsi9Vb6KyziP.2","action":"ProcessGetUpdates", "result":"Done", "context":{"dataType":"Bookmarks", "deleted":"0", "process_failed_to_decrypt":"0", "process_pending_decryption":"0", "process_success":"113", "total":"113"}}
{"logTime": "0929/124941", "correlationVector":"ot5rjiH15Tcsi9Vb6KyziP.3","action":"ProcessGetUpdates", "result":"Done", "context":{"dataType":"Preferences", "deleted":"0", "process_failed_to_decrypt":"0", "process_pending_decryption":"0", "process_success":"54", "total":"54"}}
{"logTime": "0929/124941", "correlationVector":"ot5rjiH15Tcsi9Vb6KyziP.4","action":"ProcessGetUpdates", "result":"Done", "context":{"dataType":"Autofill", "deleted":"0", "process_failed_to_decrypt":"0", "process_pending_decryption":"0", "process_success":"25", "total":"25"}}
{"logTime": "0929/124941", "correlationVector":"ot5rjiH15Tcsi9Vb6KyziP.5","action":"ProcessGetUpdates", "result":"Done", "context":{"dataType":"Extensions", "deleted":"0", "process_failed_to_decrypt":"0", "process_pending_decryption":"0", "process_success":"1", "total":"1"}}
{"logTime": "0929/124941", "correlationVector":"ot5rjiH15Tcsi9Vb6KyziP.6","action":"ProcessGetUpdates", "result":"Done", "context":{"dataType":"Sessions", "deleted":"53", "process_failed_to_decrypt":"0", "process_pending_decryption":"0", "process_success":"53", "total":"53"}}
{"logTime": "0929/124941", "correlationVector":"ot5rjiH15Tcsi9Vb6KyziP.7","action":"ProcessGetUpdates", "result":"Done", "context":{"dataType":"Edge Hub App Usage", "deleted":"2", "process_failed_to_decrypt":"0", "process_pending_decryption":"0", "process_success":"4", "total":"4"}}
{"logTime": "0929/124941", "correlationVector":"ot5rjiH15Tcsi9Vb6KyziP.8","action":"GetUpdates Response", "result":"Success", "context":Received 250 update(s). cV=ot5rjiH15Tcsi9Vb6KyziP.0;server=akswtt003000005;cloudType=Consumer;environment=Prod_southeastasia_prod-s01-064-apac-southeastasia;migrationStage=NotStarted Some updates remain.}
{"logTime": "0929/124941", "correlationVector":"QjtK8pTYj2lyW/EM3WYfqB","action":"Initial GetUpdates", "result":"", "context":Reason: NEWLY_SUPPORTED_DATATYPE. cV=QjtK8pTYj2lyW/EM3WYfqB}
{"logTime": "0929/124942", "correlationVector":"QjtK8pTYj2lyW/EM3WYfqB.1","action":"SyncServerConnectionManagerRequest", "result":"SYNC_SERVER_OK", "context":{"environment":"Prod_southeastasia_prod-s01-064-apac-southeastasia", "migrationStage":"NotStarted", "server":"akswtt00300003x"}}
{"logTime": "0929/124942", "correlationVector":"QjtK8pTYj2lyW/EM3WYfqB.2","action":"ProcessGetUpdates", "result":"Done", "context":{"dataType":"Preferences", "deleted":"0", "process_failed_to_decrypt":"0", "process_pending_decryption":"0", "process_success":"2", "total":"2"}}
{"logTime": "0929/124942", "correlationVector":"QjtK8pTYj2lyW/EM3WYfqB.3","action":"ProcessGetUpdates", "result":"Done", "context":{"dataType":"Sessions", "deleted":"26", "process_failed_to_decrypt":"0", "process_pending_decryption":"0", "process_success":"27", "total":"27"}}
{"logTime": "0929/124942", "correlationVector":"QjtK8pTYj2lyW/EM3WYfqB.4","action":"ProcessGetUpdates", "result":"Done", "context":{"dataType":"Edge Hub App Usage", "deleted":"1", "process_failed_to_decrypt":"0", "process_pending_decryption":"0", "process_success":"1", "total":"1"}}
{"logTime": "0929/124942", "correlationVector":"QjtK8pTYj2lyW/EM3WYfqB.5","action":"GetUpdates Response", "result":"Success", "context":Received 30 update(s). cV=QjtK8pTYj2lyW/EM3WYfqB.0;server=akswtt00300003x;cloudType=Consumer;environment=Prod_southeastasia_prod-s01-064-apac-southeastasia;migrationStage=NotStarted}
{"logTime": "0929/124942", "correlationVector":"A9nQ7TZCg0g5gHRpdCAJm6","action":"Initial GetUpdates", "result":"", "context":Reason: NEWLY_SUPPORTED_DATATYPE. cV=A9nQ7TZCg0g5gHRpdCAJm6}
{"logTime": "0929/124944", "correlationVector":"A9nQ7TZCg0g5gHRpdCAJm6.1","action":"SyncServerConnectionManagerRequest", "result":"SYNC_SERVER_OK", "context":{"environment":"Prod_southeastasia_prod-s01-064-apac-southeastasia", "migrationStage":"NotStarted", "server":"akswtt00300000o"}}
{"logTime": "0929/124944", "correlationVector":"A9nQ7TZCg0g5gHRpdCAJm6.2","action":"ProcessGetUpdates", "result":"Done", "context":{"dataType":"History", "deleted":"0", "process_failed_to_decrypt":"0", "process_pending_decryption":"0", "process_success":"250", "total":"250"}}
{"logTime": "0929/124944", "correlationVector":"A9nQ7TZCg0g5gHRpdCAJm6.3","action":"GetUpdates Response", "result":"Success", "context":Received 250 update(s). cV=A9nQ7TZCg0g5gHRpdCAJm6.0;server=akswtt00300000o;cloudType=Consumer;environment=Prod_southeastasia_prod-s01-064-apac-southeastasia;migrationStage=NotStarted Some updates remain.}
{"logTime": "0929/124944", "correlationVector":"7LWRPHeKSpwc4j1LlIar8o","action":"Initial GetUpdates", "result":"", "context":Reason: NEWLY_SUPPORTED_DATATYPE. cV=7LWRPHeKSpwc4j1LlIar8o}
{"logTime": "0929/124944", "correlationVector":"7LWRPHeKSpwc4j1LlIar8o.1","action":"SyncServerConnectionManagerRequest", "result":"SYNC_SERVER_OK", "context":{"environment":"Prod_southeastasia_prod-s01-064-apac-southeastasia", "migrationStage":"NotStarted", "server":"akswtt00300005g"}}
{"logTime": "0929/124944", "correlationVector":"7LWRPHeKSpwc4j1LlIar8o.2","action":"ProcessGetUpdates", "result":"Done", "context":{"dataType":"History", "deleted":"0", "process_failed_to_decrypt":"0", "process_pending_decryption":"0", "process_success":"22", "total":"22"}}
{"logTime": "0929/124944", "correlationVector":"7LWRPHeKSpwc4j1LlIar8o.3","action":"GetUpdates Response", "result":"Success", "context":Received 22 update(s). cV=7LWRPHeKSpwc4j1LlIar8o.0;server=akswtt00300005g;cloudType=Consumer;environment=Prod_southeastasia_prod-s01-064-apac-southeastasia;migrationStage=NotStarted}
{"logTime": "0929/124944", "correlationVector":"o8EbFZc6UVChwLdCQibij5","action":"Normal GetUpdate request", "result":"", "context":cV=o8EbFZc6UVChwLdCQibij5
Nudged types: Sessions, Device Info, User Consents, History
Refresh requested types: Bookmarks, Preferences, Passwords, Autofill Profiles, Autofill, Extensions, Sessions, Extension settings, History Delete Directives, Device Info, User Consents, Send Tab To Self, Web Apps, History, Saved Tab Group, WebAuthn Credentials, Edge Hub App Usage, Edge Workspace, Encryption Keys}
{"logTime": "0929/124945", "correlationVector":"o8EbFZc6UVChwLdCQibij5.1","action":"SyncServerConnectionManagerRequest", "result":"SYNC_SERVER_OK", "context":{"environment":"Prod_southeastasia_prod-s01-064-apac-southeastasia", "migrationStage":"NotStarted", "server":"akswtt00300005g"}}
{"logTime": "0929/124945", "correlationVector":"o8EbFZc6UVChwLdCQibij5.2","action":"GetUpdates Response", "result":"Success", "context":Received 0 update(s). cV=o8EbFZc6UVChwLdCQibij5.0;server=akswtt00300005g;cloudType=Consumer;environment=Prod_southeastasia_prod-s01-064-apac-southeastasia;migrationStage=NotStarted}
{"logTime": "0929/124945", "correlationVector":"QYZ1re59scP4ABjwla55He","action":"Commit Request", "result":"", "context":Item count: 7
Contributing types: Sessions, Device Info, User Consents, History}
{"logTime": "0929/124948", "correlationVector":"QYZ1re59scP4ABjwla55He.1","action":"SyncServerConnectionManagerRequest", "result":"SYNC_SERVER_OK", "context":{"environment":"Prod_southeastasia_prod-s01-064-apac-southeastasia", "migrationStage":"NotStarted", "server":"akswtt003000051"}}
{"logTime": "0929/124948", "correlationVector":"QYZ1re59scP4ABjwla55He.2","action":"Commit Response", "result":"Success", "context":Result: Success. cV=QYZ1re59scP4ABjwla55He.0;server=akswtt003000051;cloudType=Consumer;environment=Prod_southeastasia_prod-s01-064-apac-southeastasia;migrationStage=NotStarted}
{"logTime": "0929/124948", "correlationVector":"PcfFalxSmOWyx6YrBvhIF2","action":"Commit Request", "result":"", "context":Item count: 1
Contributing types: Sessions}
{"logTime": "0929/124949", "correlationVector":"PcfFalxSmOWyx6YrBvhIF2.1","action":"SyncServerConnectionManagerRequest", "result":"SYNC_SERVER_OK", "context":{"environment":"Prod_southeastasia_prod-s01-064-apac-southeastasia", "migrationStage":"NotStarted", "server":"akswtt003000065"}}
{"logTime": "0929/124949", "correlationVector":"PcfFalxSmOWyx6YrBvhIF2.2","action":"Commit Response", "result":"Success", "context":Result: Success. cV=PcfFalxSmOWyx6YrBvhIF2.0;server=akswtt003000065;cloudType=Consumer;environment=Prod_southeastasia_prod-s01-064-apac-southeastasia;migrationStage=NotStarted}
