2026-09-29 12:49:33.431: [INFO] CurrentProfilePath: C:\Users\Acer\Documents\Programs\CSUAP\build\browser-check\edge-profile-7lzjut4w\Default
2026-09-29 12:49:33.431: [INFO] Profiles total count: 1
2026-09-29 12:49:33.431: [INFO] Profile: name=Profile 1 path=C:\Users\Acer\Documents\Programs\CSUAP\build\browser-check\edge-profile-7lzjut4w\Default lastActive=null
2026-09-29 12:49:33.431: [INFO] LastUsedProfileDir: C:\Users\Acer\Documents\Programs\CSUAP\build\browser-check\edge-profile-7lzjut4w\Default
2026-09-29 12:49:33.431: [INFO] VisibilityChanged: 0
2026-09-29 12:49:33.468: [INFO] RecordSyncInitDuration has_sync_been_enabled: 0 state: 0
2026-09-29 12:49:33.472: [INFO] RecordSyncInitDuration has_sync_been_enabled: 0 state: 0
2026-09-29 12:49:33.474: [INFO] RecordSyncInitDuration has_sync_been_enabled: 0 state: 0
2026-09-29 12:49:33.476: [INFO] RecordSyncInitDuration has_sync_been_enabled: 0 state: 0
2026-09-29 12:49:33.478: [INFO] RecordSyncInitDuration has_sync_been_enabled: 0 state: 0
2026-09-29 12:49:33.479: [INFO] RecordSyncInitDuration has_sync_been_enabled: 0 state: 0
2026-09-29 12:49:33.482: [INFO] RecordSyncInitDuration has_sync_been_enabled: 0 state: 0
2026-09-29 12:49:33.484: [INFO] RecordSyncInitDuration has_sync_been_enabled: 0 state: 0
2026-09-29 12:49:33.487: [INFO] RecordSyncInitDuration has_sync_been_enabled: 0 state: 0
2026-09-29 12:49:33.491: [INFO] RecordSyncInitDuration has_sync_been_enabled: 0 state: 0
2026-09-29 12:49:33.526: [INFO] OnDoneLoading sync enabled: 0
2026-09-29 12:49:33.526: [INFO] BookmarkModelLoaded, ids_reassigned: 0
2026-09-29 12:49:33.526: [INFO] BookmarksLoadDropped droppedNodes=0
2026-09-29 12:49:33.526: [INFO] BookmarksSnapshot Startup total=0 bar=0 other=0 mobile=0 showBar=0 showBarNTP=1
2026-09-29 12:49:33.703: [INFO] RecordSyncInitDuration has_sync_been_enabled: 0 state: 0
2026-09-29 12:49:34.988: [INFO] BookmarkNodeAdded, ABU: 0
2026-09-29 12:49:34.991: [INFO] BookmarkNodeAdded, ABU: 0
2026-09-29 12:49:36.946: [INFO] RecordSyncInitDuration has_sync_been_enabled: 0 state: 0
2026-09-29 12:49:36.955: [INFO] RecordSyncInitDuration has_sync_been_enabled: 0 state: 3
2026-09-29 12:49:36.965: [INFO] Primary account changed.
2026-09-29 12:49:36.966: [INFO] OnPrimaryAccountChanged PrimaryAccountChangeEvent::Type::kSet
2026-09-29 12:49:36.995: [INFO] RecordSyncInitDuration has_sync_been_enabled: 0 state: 3
2026-09-29 12:49:37.044: [INFO] RecordSyncInitDuration has_sync_been_enabled: 0 state: 3
2026-09-29 12:49:42.439: [INFO] BookmarkNodeAdded, ABU: 0
2026-09-29 12:49:42.439: [INFO] BookmarkNodeMoved
2026-09-29 12:49:42.439: [INFO] Remove, DeletionOrigin: 19
2026-09-29 12:49:42.441: [INFO] BookmarkNodeRemoved, Url: 0, IsFolder: 1, IsWorkspace: 0
2026-09-29 12:49:42.441: [INFO] BookmarkNodeAdded, ABU: 0
2026-09-29 12:49:42.441: [INFO] Remove, DeletionOrigin: 19
2026-09-29 12:49:42.442: [INFO] BookmarkNodeRemoved, Url: 1, IsFolder: 0, IsWorkspace: 0
2026-09-29 12:49:42.443: [INFO] BookmarkNodeAdded, ABU: 0
2026-09-29 12:49:42.444: [INFO] BookmarkNodeAdded, ABU: 0
2026-09-29 12:49:42.445: [INFO] BookmarkNodeAdded, ABU: 0
2026-09-29 12:49:42.445: [INFO] BookmarkNodeAdded, ABU: 0
2026-09-29 12:49:42.446: [INFO] BookmarkNodeAdded, ABU: 0
2026-09-29 12:49:42.447: [INFO] BookmarkNodeAdded, ABU: 0
2026-09-29 12:49:42.447: [INFO] BookmarkNodeAdded, ABU: 0
2026-09-29 12:49:42.448: [INFO] BookmarkNodeAdded, ABU: 0
2026-09-29 12:49:42.449: [INFO] BookmarkNodeAdded, ABU: 0
2026-09-29 12:49:42.450: [INFO] BookmarkNodeAdded, ABU: 0
2026-09-29 12:49:42.451: [INFO] BookmarkNodeAdded, ABU: 0
2026-09-29 12:49:42.452: [INFO] BookmarkNodeAdded, ABU: 0
2026-09-29 12:49:42.453: [INFO] BookmarkNodeAdded, ABU: 0
2026-09-29 12:49:42.453: [INFO] BookmarkNodeAdded, ABU: 0
2026-09-29 12:49:42.454: [INFO] BookmarkNodeAdded, ABU: 0
2026-09-29 12:49:42.455: [INFO] BookmarkNodeAdded, ABU: 0
2026-09-29 12:49:42.456: [INFO] BookmarkNodeAdded, ABU: 0
2026-09-29 12:49:42.457: [INFO] BookmarkNodeAdded, ABU: 0
2026-09-29 12:49:42.458: [INFO] BookmarkNodeAdded, ABU: 0
2026-09-29 12:49:42.459: [INFO] BookmarkNodeAdded, ABU: 0
2026-09-29 12:49:42.460: [INFO] BookmarkNodeAdded, ABU: 0
2026-09-29 12:49:42.460: [INFO] BookmarkNodeAdded, ABU: 0
2026-09-29 12:49:42.461: [INFO] BookmarkNodeAdded, ABU: 0
2026-09-29 12:49:42.462: [INFO] BookmarkNodeAdded, ABU: 0
2026-09-29 12:49:42.462: [INFO] BookmarkNodeAdded, ABU: 0
2026-09-29 12:49:42.463: [INFO] BookmarkNodeAdded, ABU: 0
2026-09-29 12:49:42.463: [INFO] BookmarkNodeAdded, ABU: 0
2026-09-29 12:49:42.463: [INFO] BookmarkNodeAdded, ABU: 0
2026-09-29 12:49:42.464: [INFO] BookmarkNodeAdded, ABU: 0
2026-09-29 12:49:42.465: [INFO] BookmarkNodeAdded, ABU: 0
2026-09-29 12:49:42.465: [INFO] BookmarkNodeAdded, ABU: 0
2026-09-29 12:49:42.466: [INFO] BookmarkNodeAdded, ABU: 0
2026-09-29 12:49:42.466: [INFO] BookmarkNodeAdded, ABU: 0
2026-09-29 12:49:42.467: [INFO] BookmarkNodeAdded, ABU: 0
2026-09-29 12:49:42.467: [INFO] BookmarkNodeAdded, ABU: 0
2026-09-29 12:49:42.468: [INFO] BookmarkNodeAdded, ABU: 0
2026-09-29 12:49:42.469: [INFO] BookmarkNodeAdded, ABU: 0
2026-09-29 12:49:42.469: [INFO] BookmarkNodeAdded, ABU: 0
2026-09-29 12:49:42.470: [INFO] BookmarkNodeAdded, ABU: 0
2026-09-29 12:49:42.471: [INFO] BookmarkNodeAdded, ABU: 0
2026-09-29 12:49:42.472: [INFO] BookmarkNodeAdded, ABU: 0
2026-09-29 12:49:42.472: [INFO] BookmarkNodeAdded, ABU: 0
2026-09-29 12:49:42.473: [INFO] BookmarkNodeAdded, ABU: 0
2026-09-29 12:49:42.474: [INFO] BookmarkNodeAdded, ABU: 0
2026-09-29 12:49:42.475: [INFO] BookmarkNodeAdded, ABU: 0
2026-09-29 12:49:42.476: [INFO] BookmarkNodeAdded, ABU: 0
2026-09-29 12:49:42.477: [INFO] BookmarkNodeAdded, ABU: 0
2026-09-29 12:49:42.478: [INFO] BookmarkNodeAdded, ABU: 0
2026-09-29 12:49:42.478: [INFO] BookmarkNodeAdded, ABU: 0
2026-09-29 12:49:42.479: [INFO] BookmarkNodeAdded, ABU: 0
2026-09-29 12:49:42.480: [INFO] BookmarkNodeAdded, ABU: 0
2026-09-29 12:49:42.480: [INFO] BookmarkNodeAdded, ABU: 0
2026-09-29 12:49:42.481: [INFO] BookmarkNodeAdded, ABU: 0
2026-09-29 12:49:42.482: [INFO] BookmarkNodeAdded, ABU: 0
2026-09-29 12:49:42.482: [INFO] BookmarkNodeAdded, ABU: 0
2026-09-29 12:49:42.483: [INFO] BookmarkNodeAdded, ABU: 0
2026-09-29 12:49:42.484: [INFO] BookmarkNodeAdded, ABU: 0
2026-09-29 12:49:42.484: [INFO] BookmarkNodeAdded, ABU: 0
2026-09-29 12:49:42.485: [INFO] BookmarkNodeAdded, ABU: 0
2026-09-29 12:49:42.486: [INFO] BookmarkNodeAdded, ABU: 0
2026-09-29 12:49:42.486: [INFO] BookmarkNodeAdded, ABU: 0
2026-09-29 12:49:42.487: [INFO] BookmarkNodeAdded, ABU: 0
2026-09-29 12:49:42.488: [INFO] BookmarkNodeAdded, ABU: 0
2026-09-29 12:49:42.488: [INFO] BookmarkNodeAdded, ABU: 0
2026-09-29 12:49:42.489: [INFO] BookmarkNodeAdded, ABU: 0
2026-09-29 12:49:42.490: [INFO] BookmarkNodeAdded, ABU: 0
2026-09-29 12:49:42.491: [INFO] BookmarkNodeAdded, ABU: 0
2026-09-29 12:49:42.492: [INFO] BookmarkNodeAdded, ABU: 0
2026-09-29 12:49:42.493: [INFO] BookmarkNodeAdded, ABU: 0
2026-09-29 12:49:42.493: [INFO] BookmarkNodeAdded, ABU: 0
2026-09-29 12:49:42.494: [INFO] BookmarkNodeAdded, ABU: 0
2026-09-29 12:49:42.495: [INFO] BookmarkNodeAdded, ABU: 0
2026-09-29 12:49:42.495: [INFO] BookmarkNodeAdded, ABU: 0
2026-09-29 12:49:42.496: [INFO] BookmarkNodeAdded, ABU: 0
2026-09-29 12:49:42.497: [INFO] BookmarkNodeAdded, ABU: 0
2026-09-29 12:49:42.497: [INFO] BookmarkNodeAdded, ABU: 0
2026-09-29 12:49:42.498: [INFO] BookmarkNodeAdded, ABU: 0
2026-09-29 12:49:42.499: [INFO] BookmarkNodeAdded, ABU: 0
2026-09-29 12:49:42.499: [INFO] BookmarkNodeAdded, ABU: 0
2026-09-29 12:49:42.500: [INFO] BookmarkNodeAdded, ABU: 0
2026-09-29 12:49:42.501: [INFO] BookmarkNodeAdded, ABU: 0
2026-09-29 12:49:42.501: [INFO] BookmarkNodeAdded, ABU: 0
2026-09-29 12:49:42.502: [INFO] BookmarkNodeAdded, ABU: 0
2026-09-29 12:49:42.503: [INFO] BookmarkNodeAdded, ABU: 0
2026-09-29 12:49:42.503: [INFO] BookmarkNodeAdded, ABU: 0
2026-09-29 12:49:42.504: [INFO] BookmarkNodeAdded, ABU: 0
2026-09-29 12:49:42.505: [INFO] BookmarkNodeAdded, ABU: 0
2026-09-29 12:49:42.506: [INFO] BookmarkNodeAdded, ABU: 0
2026-09-29 12:49:42.506: [INFO] BookmarkNodeAdded, ABU: 0
2026-09-29 12:49:42.506: [INFO] BookmarkNodeAdded, ABU: 0
2026-09-29 12:49:42.507: [INFO] BookmarkNodeAdded, ABU: 0
2026-09-29 12:49:42.508: [INFO] BookmarkNodeAdded, ABU: 0
2026-09-29 12:49:42.508: [INFO] BookmarkNodeAdded, ABU: 0
2026-09-29 12:49:42.509: [INFO] BookmarkNodeAdded, ABU: 0
2026-09-29 12:49:42.510: [INFO] BookmarkNodeAdded, ABU: 0
2026-09-29 12:49:42.511: [INFO] BookmarkNodeAdded, ABU: 0
2026-09-29 12:49:42.511: [INFO] BookmarkNodeAdded, ABU: 0
2026-09-29 12:49:42.512: [INFO] BookmarkNodeAdded, ABU: 0
2026-09-29 12:49:42.512: [INFO] BookmarkNodeAdded, ABU: 0
2026-09-29 12:49:42.513: [INFO] BookmarkNodeAdded, ABU: 0
2026-09-29 12:49:42.513: [INFO] BookmarkNodeAdded, ABU: 0
2026-09-29 12:49:42.514: [INFO] BookmarkNodeAdded, ABU: 0
2026-09-29 12:49:42.515: [INFO] BookmarkNodeAdded, ABU: 0
2026-09-29 12:49:42.515: [INFO] BookmarkNodeAdded, ABU: 0
2026-09-29 12:49:42.515: [INFO] BookmarkNodeAdded, ABU: 0
2026-09-29 12:49:42.533: [INFO] BookmarkBarPrefChanged showBar=0 showBarNTP=0
2026-09-29 12:49:42.581: [INFO] VisibilityChanged: 1
2026-09-29 12:49:44.722: [INFO] Sync initialization duration: 7520ms
